[Error] Referenced undeclared symbol b at line 13.
[Error] Compiler was terminated due to errors in the specified C source file.
