i = 10. Expected: 10
i = 10. Expected: 10
i = 25. Expected: 25
i = 10. Expected: 10
